\BOOKMARK [0][-]{chapter.2}{\376\377\000C\000l\000a\000s\000e\000\040\0001}{}% 1
\BOOKMARK [1][-]{section.3}{\376\377\000L\000a\000\040\000m\000a\000t\000e\000r\000i\000a\000\040\000c\000o\000m\000o\000\040\000m\000e\000d\000i\000o\000\040\000c\000o\000n\000t\000i\000n\000u\000o}{chapter.2}% 2
\BOOKMARK [1][-]{section.4}{\376\377\000M\000o\000l\000\040\000y\000\040\000m\000a\000s\000a\000\040\000m\000o\000l\000a\000r}{chapter.2}% 3
\BOOKMARK [1][-]{section.5}{\376\377\000L\000o\000n\000g\000i\000t\000u\000d\000\040\000d\000e\000\040\000s\000e\000p\000a\000r\000a\000c\000i\000\363\000n\000\040\000m\000o\000l\000e\000c\000u\000l\000a\000r}{chapter.2}% 4
\BOOKMARK [2][-]{subsection.8}{\376\377\000D\000e\000r\000i\000v\000a\000c\000i\000\363\000n}{section.5}% 5
\BOOKMARK [2][-]{subsection.13}{\376\377\000D\000e\000p\000e\000n\000d\000e\000n\000c\000i\000a\000\040\000c\000o\000n\000\040\000e\000l\000\040\000e\000s\000t\000a\000d\000o\000\040\000d\000e\000\040\000l\000a\000\040\000m\000a\000t\000e\000r\000i\000a}{section.5}% 6
\BOOKMARK [2][-]{subsection.14}{\376\377\000M\000e\000z\000c\000l\000a\000s}{section.5}% 7
\BOOKMARK [1][-]{section.15}{\376\377\000F\000u\000e\000r\000z\000a\000s\000\040\000i\000n\000t\000e\000r\000m\000o\000l\000e\000c\000u\000l\000a\000r\000e\000s\000\040\000y\000\040\000e\000s\000t\000a\000d\000o\000s\000\040\000d\000e\000\040\000l\000a\000\040\000m\000a\000t\000e\000r\000i\000a}{chapter.2}% 8
\BOOKMARK [1][-]{section.18}{\376\377\000M\000a\000t\000e\000r\000i\000a\000\040\000g\000r\000a\000n\000u\000l\000a\000r}{chapter.2}% 9
\BOOKMARK [1][-]{section.19}{\376\377\000A\000p\000r\000o\000x\000i\000m\000a\000c\000i\000\363\000n\000\040\000d\000e\000l\000\040\000c\000o\000n\000t\000i\000n\000u\000o}{chapter.2}% 10
\BOOKMARK [2][-]{subsection.20}{\376\377\000F\000l\000u\000c\000t\000u\000a\000c\000i\000o\000n\000e\000s\000\040\000d\000e\000\040\000d\000e\000n\000s\000i\000d\000a\000d}{section.19}% 11
\BOOKMARK [2][-]{subsection.23}{\376\377\000S\000u\000a\000v\000i\000d\000a\000d\000\040\000m\000a\000c\000r\000o\000s\000c\000\363\000p\000i\000c\000a}{section.19}% 12
\BOOKMARK [2][-]{subsection.26}{\376\377\000F\000l\000u\000c\000t\000u\000a\000c\000i\000o\000n\000e\000s\000\040\000d\000e\000\040\000v\000e\000l\000o\000c\000i\000d\000a\000d}{section.19}% 13
\BOOKMARK [1][-]{section.29}{\376\377\000C\000a\000m\000i\000n\000o\000\040\000l\000i\000b\000r\000e\000\040\000m\000e\000d\000i\000o}{chapter.2}% 14
\BOOKMARK [2][-]{subsection.30}{\376\377\000D\000e\000f\000i\000n\000i\000c\000i\000\363\000n\000\040\000y\000\040\000c\000o\000n\000t\000e\000x\000t\000o\000\040\000f\000\355\000s\000i\000c\000o}{section.29}% 15
\BOOKMARK [2][-]{subsection.31}{\376\377\000G\000e\000o\000m\000e\000t\000r\000\355\000a\000\040\000d\000e\000\040\000l\000a\000s\000\040\000c\000o\000l\000i\000s\000i\000o\000n\000e\000s}{section.29}% 16
\BOOKMARK [2][-]{subsection.34}{\376\377\000D\000e\000r\000i\000v\000a\000c\000i\000\363\000n\000\040\000d\000e\000l\000\040\000c\000a\000m\000i\000n\000o\000\040\000l\000i\000b\000r\000e\000\040\000m\000e\000d\000i\000o}{section.29}% 17
\BOOKMARK [2][-]{subsection.35}{\376\377\000T\000i\000e\000m\000p\000o\000\040\000m\000e\000d\000i\000o\000\040\000e\000n\000t\000r\000e\000\040\000c\000o\000l\000i\000s\000i\000o\000n\000e\000s}{section.29}% 18
\BOOKMARK [2][-]{subsection.36}{\376\377\000I\000m\000p\000o\000r\000t\000a\000n\000c\000i\000a\000\040\000p\000a\000r\000a\000\040\000l\000a\000\040\000a\000p\000r\000o\000x\000i\000m\000a\000c\000i\000\363\000n\000\040\000d\000e\000l\000\040\000c\000o\000n\000t\000i\000n\000u\000o}{section.29}% 19
\BOOKMARK [2][-]{subsection.37}{\376\377\000E\000j\000e\000m\000p\000l\000o\000:\000\040\000a\000i\000r\000e\000\040\000y\000\040\000e\000f\000e\000c\000t\000o\000\040\000d\000e\000\040\000l\000a\000\040\000a\000l\000t\000i\000t\000u\000d}{section.29}% 20
